SCAN changed=1 dry_run=True
DRY_UPDATE company-os/knowledge/DASHBOARD.md dea1729cbbf1d1539d61b15384ed0773
SCAN changed=1 dry_run=False
SCAN changed=1 dry_run=False
SCAN changed=1 dry_run=False
SCAN changed=1 dry_run=False
SCAN changed=412 dry_run=True
DRY_UPDATE memory/areas/dropship-affiliate/2026-06-02_badivi_reels_leadgen_learning.md c5647ed8f69cb78c2d0a49025188a3c9
DRY_UPDATE memory/areas/dropship-affiliate/2026-06-02_night_2300_dispatch.md ec1579352e7059120fba1565da18bfe5
DRY_UPDATE memory/areas/dropship-affiliate/2026-06-02_badivi_reel_to_quote_sheet_skill.md f0d829e7900922a9bb4b65ddc78140e8
DRY_UPDATE memory/areas/dropship-affiliate/2026-06-02_badivi_website_cro_rfq_form_techseo_skill.md 844d628530e223e12810a78b80d000ba
DRY_UPDATE memory/areas/dropship-affiliate/2026-06-03_1329_badivi_reels_ab_test_cadence_kpi_playbook.md 53fd60c1cf9b43d7ac7f67b0eefcb23a
DRY_UPDATE memory/areas/dropship-affiliate/2026-06-02_badivi_export_email_linkedin_prospecting_skill.md 17783e1c43e5a8c8adb59778bf2f0eaa
DRY_UPDATE memory/areas/dropship-affiliate/2026-06-02_badivi_b2b_cold_outreach_copywriting_skill.md 2f81559b246cf209eb50686fd971a627
DRY_UPDATE memory/areas/dropship-affiliate/2026-06-03_0558_badivi_comment_to_dm_inbound_funnel_skill.md 5f1ede61963c132346d7b2fbb1488a8b
DRY_UPDATE memory/areas/dropship-affiliate/2026-06-02_badivi_b2b_quote_pricing_tiers_skill.md a9de656e81860f9914a4a6e7e679ee3d
DRY_UPDATE memory/areas/dropship-affiliate/2026-06-02_badivi_reel_hook_retention_skill.md 163ea4a517ffa4b904925d4078ad460e
DRY_UPDATE memory/areas/dropship-affiliate/2026-06-02_1843_badivi_b2b_leadgen_offer_matrix.md 9c854ee4ba440c3104eef600bc7fc18d
DRY_UPDATE memory/areas/dropship-affiliate/2026-06-03_badivi_campaign_kit_execution.md 1fc23ff908e579d02039ed2b1d48f83c
DRY_UPDATE memory/areas/dropship-affiliate/2026-05-29.md c969aca54508a84245fdc826fc41f768
DRY_UPDATE memory/areas/dropship-affiliate/2026-06-03_2316_badivi_b2b_marketplace_buyrequest_leadgen_channel.md 6022c8a2359d76f74af7731a3d7010b3
DRY_UPDATE memory/areas/dropship-affiliate/2026-06-03.md d5aa725b775bd01e4f438c664af7550a
DRY_UPDATE memory/areas/dropship-affiliate/2026-06-02_badivi_reels_b2b_landing_offer_learning.md ef0e122748fc20868859c10de86395a4
DRY_UPDATE memory/areas/dropship-affiliate/2026-06-02_2058_badivi_landing_page_rfq_copy_skill.md 27fcaa807e9ecb03da0402e90b770a80
DRY_UPDATE memory/areas/dropship-affiliate/2026-06-02.md f794f9d71da51be4f7d7770358a9afc2
DRY_UPDATE memory/areas/dropship-affiliate/2026-05-27-learning.md 3717fb8478511fae3e0c03ebcf6529a1
DRY_UPDATE memory/areas/dropship-affiliate/2026-06-02_badivi_supplier_buyer_persona_mapping_skill.md 47add075d6933f8c6576fc84658a5bb2
DRY_UPDATE memory/areas/dropship-affiliate/2026-06-03_1414_badivi_b2b_unit_economics_cac_roas_calculator_skill.md 67065509028c9857b3bc615928757d3f
DRY_UPDATE memory/areas/dropship-affiliate/2026-06-02_badivi_b2b_reel_creative_testing_matrix.md e4e8139f2fe69d089c3a760371b2768f
DRY_UPDATE memory/areas/dropship-affiliate/MEMORY.md 28863101926daa763049980167e0629e
DRY_UPDATE memory/areas/dropship-affiliate/2026-06-02_badivi_whatsapp_zalo_b2b_followup_skill.md 9b3ac39986a25bc9cd8014d8e7ff6c75
DRY_UPDATE memory/areas/dropship-affiliate/2026-05-25-xentric-current-plan-sync.md e81ab396922378799cf4815dd37eb066
DRY_UPDATE memory/areas/dropship-affiliate/2026-06-02_2228_badivi_reel_hook_3s_ab_test_skill.md 39fc3cb9ed2671998f51a56c469c0de2
DRY_UPDATE memory/areas/dropship-affiliate/2026-06-03_0043_badivi_post_launch_reply_triage_skill.md b4841b7a68d6c2814627b15253f281f4
DRY_UPDATE memory/areas/dropship-affiliate/2026-06-02_2143_badivi_competitor_positioning_b2b_packaging.md 79b2dad2437cb06f7a6682156490868b
DRY_UPDATE memory/areas/dropship-affiliate/2026-06-03_badivi_social_saas_micro_spec.md 2efb1ac5105dcffc572dd47f914d720a
DRY_UPDATE memory/areas/dropship-affiliate/2026-06-04.md 20a92fb7f222a9873db33de8f6f199a3
DRY_UPDATE memory/areas/dropship-affiliate/2026-06-02_2358_badivi_72h_campaign_measurement_skill.md 6fa53773c5fe0ec269039bb0a15a3cb0
DRY_UPDATE memory/areas/dropship-affiliate/badivi-international-market-report.md e54c66dcf6448690d6a4f8db6369b2e2
DRY_UPDATE memory/areas/dropship-affiliate/2026-06-02_badivi_reels_hook_retention_skill.md 32a43bb24475268c76861c84ede5bea5
DRY_UPDATE memory/areas/dropship-affiliate/rfc-001-ongdo-ai-roadmap.md c99d1a508f053d1b1c7744a65ae47b61
DRY_UPDATE memory/areas/dropship-affiliate/2026-06-02_badivi_post_reel_publish_checklist_learning.md 3e14070c596ff88faad4862ed807e5c7
DRY_UPDATE memory/areas/dropship-affiliate/badivi-packaging-export-report.md 4bf164bb9f150f147d47f76a9e902013
DRY_UPDATE memory/areas/dropship-affiliate/2026-06-02_1928_badivi_reel_to_rfq_campaign_pack_skill.md 79485bd1c49abe7e98daec002b6d172f
DRY_UPDATE memory/areas/dropship-affiliate/2026-06-02_badivi_b2b_dm_sales_objection_handling_skill.md 956f8373f35833f72980c7c906fbbb37
DRY_UPDATE memory/areas/dropship-affiliate/2026-06-02_badivi_cold_outreach_dm_script_asean_skill.md baa0248560e2c83df9c3e3b4353ea3a0
DRY_UPDATE memory/areas/dropship-affiliate/2026-06-02_badivi_reels_distribution_learning.md 1d61c16f0067720b239b49d86a37bb5c
DRY_UPDATE memory/areas/dropship-affiliate/2026-05-30.md 111b15999c2ef569af3fd73ff2cf6866
DRY_UPDATE memory/areas/dropship-affiliate/2026-06-02_badivi_b2b_lead_scoring_rfq_prioritization_skill.md 9ee3ebf70107836660dff932208ea29a
DRY_UPDATE memory/areas/dropship-affiliate/2026-06-02_badivi_quote_followup_sla_learning.md c38e861e9881a5c5542b1d596997952b
DRY_UPDATE memory/areas/dropship-affiliate/2026-06-02_badivi_reels_retargeting_learning.md 73a4d0da35532677e02bf5c82999b4f8
DRY_UPDATE memory/areas/dropship-affiliate/2026-06-04_daily_checkpoint_smallbiz_tarot_render_1731.md 50dfbae52759ffc85c36edd7891e2b26
DRY_UPDATE memory/areas/upharma-pharma-knowledge/INDEX.md 83a17745fe46c70979945617e37d9641
DRY_UPDATE memory/areas/upharma-ops/2026-06-02_sku_attachment_rate_learning.md e281f61acce76a1a424e1061552c3369
DRY_UPDATE memory/areas/upharma-ops/2026-06-02_hourly_revenue_heatmap_staffing_learning.md c09d7b074279b4bc893abf0087d56852
DRY_UPDATE memory/areas/upharma-ops/2026-06-03_1240_stock_sales_mix_learning.md 8a7e512262ee8d54185dbed7ecaeac56
DRY_UPDATE memory/areas/upharma-ops/2026-06-02_expiry_risk_180d_learning.md 7786469c48a09e7c20e6e1610c075c9d
DRY_UPDATE memory/areas/upharma-ops/2026-05-24-learning.md 5beb041eae6f8b5f3d594c67bcceebb0
DRY_UPDATE memory/areas/upharma-ops/2026-06-03_1925_replenishment_gap_learning.md 91ae3de8343b7baa7d49e9dfaa3d4ee9
DRY_UPDATE memory/areas/upharma-ops/2026-05-31-learning.md 310b80599636a83654776ca66ac6636c
DRY_UPDATE memory/areas/upharma-ops/2026-06-03_1410_time_pattern_weekday_intraday_learning.md 4f573e979fdfbe6fa384907c2b1e82fe
DRY_UPDATE memory/areas/upharma-ops/2026-06-02_crm_next_best_action_guardrails.md 42f913b8cb1cac81630504fa6a7685bd
DRY_UPDATE memory/areas/upharma-ops/2026-06-02_dashboard_postflight_guardrails.md f91ae1b431e03a5b76d43ebd8d611dae
DRY_UPDATE memory/areas/upharma-ops/2026-06-02_promo_effectiveness_kpi_learning.md c09d11ef0b84cf8d7aee6377bdaf76c9
DRY_UPDATE memory/areas/upharma-ops/2026-06-03_0725_staff_productivity_guardrail_learning.md bada2eb759de841ba7a6000df50d8e54
DRY_UPDATE memory/areas/upharma-ops/2026-05-27.md 62042e88653828fcac80337e0f9e81e0
DRY_UPDATE memory/areas/upharma-ops/2026-06-05-learning.md a0832f7aa7741646714de2bb67e0d7e5
DRY_UPDATE memory/areas/upharma-ops/project_agent_structure.md b6319e7bccb7827d1606f4e44c2aa97e
DRY_UPDATE memory/areas/upharma-ops/2026-06-02_hourly_revenue_staffing_learning.md 88d5677d65e62049b8dfddfbf2f08f1f
DRY_UPDATE memory/areas/upharma-ops/2026-05-28-learning.md 415d55c4a9375ac5bbf712c0edbf43b8
DRY_UPDATE memory/areas/upharma-ops/2026-06-03_0855_km_lift_elasticity_learning.md 275117bcd384b592851db97ce0d63012
DRY_UPDATE memory/areas/upharma-ops/2026-05-26.md a4346181090df35502f5de8ddd5a5f48
DRY_UPDATE memory/areas/upharma-ops/2026-06-03_sku_pair_affinity_bundle_learning.md 1107abbe104275529139dfa379aa3827
DRY_UPDATE memory/areas/upharma-ops/2026-06-03_1540_basket_size_aov_learning.md 2451126462d5f89504ce853c9c66400a
DRY_UPDATE memory/areas/upharma-ops/DAILY_LEARNING.md f023b5dd5a87f3ba74b2676bddb786ca
DRY_UPDATE memory/areas/upharma-ops/2026-06-02_customer_purchase_interval_learning.md 1538eb50065f307a18a64fd947eedcd7
DRY_UPDATE memory/areas/upharma-ops/2026-06-02_day_of_week_revenue_pattern.md 429312525814cbd3a79bc2beea11071b
DRY_UPDATE memory/areas/upharma-ops/2026-06-02_rfm_segmentation_winback_learning.md 339025080e3625f73b5c0f202875cbaa
DRY_UPDATE memory/areas/upharma-ops/2026-06-03_2140_expiry_cashrisk_learning.md 18cd174836151ca161d1fee0d3fb85e1
DRY_UPDATE memory/areas/upharma-ops/2026-06-02_basket_crosssell_analysis_learning.md 7b2ae421b10f7de5eadd0c504ce30568
DRY_UPDATE memory/areas/upharma-ops/2026-06-03_1840_disease_mix_crm_learning.md f64b507df5ef832a641b3e888f32b905
DRY_UPDATE memory/areas/upharma-ops/2026-06-03_0255_data_catalog_4ketquaai.md ba8c629c4e89d0a9c30d1743a12ec4bc
DRY_UPDATE memory/areas/upharma-ops/2026-05-29.md 57cb13d5e164d8bbeb089cab4fd770a2
DRY_UPDATE memory/areas/upharma-ops/heartbeat_inventory_days_cover_20260602_1840.md a046b4c0ea8e680f546f96a4a2dcf87e
DRY_UPDATE memory/areas/upharma-ops/2026-06-03_1455_osa_top100_learning.md b6e4fe8f49ab6a707af6a0ac48c202ed
DRY_UPDATE memory/areas/upharma-ops/2026-06-03_1325_basket_size_crosssell_uplift_learning.md 253c75ba294c381d54511a0e1dc800f9
DRY_UPDATE memory/areas/upharma-ops/2026-06-02_store_staff_kpi_exception_learning.md 43da2e6cacb5afcc8473668c0be50fc5
DRY_UPDATE memory/areas/upharma-ops/skill_sql_forecast_tonkho_20260603.md a57d9df43167be2a5b9f286abdbd5a03
DRY_UPDATE memory/areas/upharma-ops/2026-06-03.md b5bc4d8bad450e5de6e5a9cffe2c3e01
DRY_UPDATE memory/areas/upharma-ops/2026-06-02_forecast_inventory_replenishment_guardrails.md 53bbd53675551a1f0eefb03196b9f1ee
DRY_UPDATE memory/areas/upharma-ops/2026-06-02_customer_repeat_ltv_learning.md d485019cd3427a60a384e94d8d0e977b
DRY_UPDATE memory/areas/upharma-ops/2026-06-02.md 9244906e288f4957eed361c554601327
DRY_UPDATE memory/areas/upharma-ops/outlook_daily_20260604_0801.md 092e5d915e01aecd611995912003369c
DRY_UPDATE memory/areas/upharma-ops/2026-06-02_cross_sell_readiness_by_shop_learning.md 4ec2994bff2af776346cfbb828d28d41
DRY_UPDATE memory/areas/upharma-ops/2026-06-02_stockout_risk_poc_real.md 0603be27c87131009ea774d7bc7b0bc0
DRY_UPDATE memory/areas/upharma-ops/2026-06-03_1110_osa_proxy_learning.md 8fb0e0ffa2407e2b40e933a8c838dcbf
DRY_UPDATE memory/areas/upharma-ops/2026-06-04_0730_drug_db_rule_v2_learning.md c4f300012219f12a8dce3d25d005ff84
DRY_UPDATE memory/areas/upharma-ops/2026-06-03_0510_reorder_poc_result_learning.md f118b4b5939ff1c63ca3a03797f1cb44
DRY_UPDATE memory/areas/upharma-ops/2026-06-04_0512_adjustment_net_vs_gross_materiality_learning.md 989fa2ce4a066570653aa5e1512de4cb
DRY_UPDATE memory/areas/upharma-ops/2026-06-03_1155_customer_repeat_learning.md a52317c0f426118d14135568393269ed
DRY_UPDATE memory/areas/upharma-ops/2026-05-28.md 8e0d68242498a73b0644b32b6d0623b0
DRY_UPDATE memory/areas/upharma-ops/2026-06-03_2225_private_label_proxy_learning.md e87173c4f56e0e32c57b8810065fc6d5
DRY_UPDATE memory/areas/upharma-ops/2026-06-03_1755_basket_upt_guardrail_learning.md e8b335bc3b125b352b6068e7840bbaed
DRY_UPDATE memory/areas/upharma-ops/2026-06-02_repeat_purchase_retention_learning.md 0781298168be0e85b22207f8939ee5d2
DRY_UPDATE memory/areas/upharma-ops/2026-06-01.md 590558801cf2480dc2566b9961655a5b
DRY_UPDATE memory/areas/upharma-ops/2026-06-01-learning.md 7ab4656cd672e642c87527715dab85ef
DRY_UPDATE memory/areas/upharma-ops/2026-06-03_2355_report_script_date_revenue_audit_learning.md 415b7b927e33aa00ec60b81a879d0664
DRY_UPDATE memory/areas/upharma-ops/2026-06-04_0342_drug_category_rule_layer_learning.md 5cbb00b2f72a8ed41245fbe7938f5bcd
DRY_UPDATE memory/areas/upharma-ops/note_reorder_point_forecast_20260603.md 47a6e549014b54bfd42e973d2d9f9812
DRY_UPDATE memory/areas/upharma-ops/MEMORY.md 4d00eaea3a0154d195ff21336aa28213
DRY_UPDATE memory/areas/upharma-ops/2026-06-02_top_sku_shop_inventory_alignment_learning.md eea5ee74cf852b32338623f99f94d06e
DRY_UPDATE memory/areas/upharma-ops/2026-06-03_2310_demand_forecast_t6_baseline_learning.md 89bd87342f9d786818e2765fb8701f08
DRY_UPDATE memory/areas/upharma-ops/2026-06-05.md a8b9f4ff1efa19808b5a207401a9e5cb
DRY_UPDATE memory/areas/upharma-ops/2026-06-04-learning.md bc866281e4a61114aac495ff50e070d2
DRY_UPDATE memory/areas/upharma-ops/2026-06-02_stockout_sql_learning_0855.md 8215f4d8622fa8a84bff09dfacea2fa0
DRY_UPDATE memory/areas/upharma-ops/2026-06-04.md 5abc0d25e59aeb7ab0c44ee23824ac70
DRY_UPDATE memory/areas/upharma-ops/2026-06-04_0211_drug_alias_dedup_learning.md ee91a3035d24178b867ac60d8f001e47
DRY_UPDATE memory/areas/upharma-ops/2026-05-25-learning.md 3f240ccae2d52cced5e382fa4f847de6
DRY_UPDATE memory/areas/upharma-ops/2026-06-04_0126_drug_database_enrichment_learning.md 26fbc9c49532e4b84caf109438151725
DRY_UPDATE memory/areas/upharma-ops/2026-05-25-trung-thuc-so-lieu.md 7dc49d57e03e4c242ca6b1413de0f200
DRY_UPDATE memory/areas/upharma-ops/2026-06-04_0642_inventory_turnover_dio_learning.md 555ea56bcb94961dd6592f8bf2eecee7
DRY_UPDATE memory/areas/upharma-ops/2026-06-03_0810_staff_productivity_insight.md 642b2accc1d1bfe067733a8405dacfb7
DRY_UPDATE memory/areas/upharma-ops/2026-05-26-learning.md 6f27ff86a10929a898ac22bb00987a57
DRY_UPDATE memory/areas/upharma-ops/2026-06-04_0814_drug_db_unclassified_gap_learning.md 9bca4624893829351d3a4755531f657d
DRY_UPDATE memory/areas/upharma-ops/2026-05-25.md b5e8beb8a24b94d513578edf99243768
DRY_UPDATE memory/areas/upharma-ops/2026-06-03_0555_dio_inventory_turnover_by_shop_learning.md 197c61ff0414f4bd356dd5ac5c5da6be
DRY_UPDATE memory/areas/upharma-ops/2026-06-02_abc_pareto_sku_learning.md 591d42bd3c059509def6b5d9478bef51
DRY_UPDATE memory/areas/upharma-ops/2026-05-25-khu-lam-viec-reporting-rule.md 15b9ccbc66616019e6dc0fa84f6b51e1
DRY_UPDATE memory/areas/upharma-ops/2026-05-31.md 3fced7e98f26af072d740aa5e8f702f1
DRY_UPDATE memory/areas/upharma-ops/2026-06-03_1710_chronic_care_crm_learning.md d85ac22fcd4da4520463c4556bdd7069
DRY_UPDATE memory/areas/upharma-ops/learning_sql_forecast_stock_20260602_2355.md 72dddf8771e92297c07f7eab8ba9c040
DRY_UPDATE memory/areas/upharma-ops/2026-06-03_promo_effect_guardrail_learning.md b04c40f82d08dfa8772c398904bd6c62
DRY_UPDATE memory/areas/upharma-ops/2026-05-30.md c270e8d87b9d886976b54f8715feccf4
DRY_UPDATE memory/areas/upharma-ops/2026-06-02_runrate_monthend_forecast_learning.md fb814f847e4733f7df074d6872377aa8
DRY_UPDATE memory/areas/upharma-ops/2026-06-04_0557_report_scripts_strftime_audit_learning.md 947dcb4fa754ab403e9b2cca631e2945
DRY_UPDATE memory/areas/upharma-ops/2026-06-02_aov_upsell_opportunity_learning.md 9b45bcfe025d390e98a1a61a71e623f4
DRY_UPDATE memory/areas/upharma-ops/2026-06-03_1625_product_mix_concentration_learning.md 02327f457455fc21803c973667afe342
DRY_UPDATE memory/areas/upharma-ops/2026-06-02-learning.md e500f853a2177691aca9d74c478729f3
DRY_UPDATE memory/areas/upharma-ops/2026-06-02_market_basket_cross_sell_learning.md f6be3da646eb60650332079c96de7881
DRY_UPDATE memory/areas/upharma-ops/2026-06-02_growth_decomposition_mom_learning.md ef77902074f3d31566a08e0218dde566
DRY_UPDATE memory/areas/upharma-ops/2026-06-03_0940_reorder_point_safety_stock_learning.md 0144da103c0b924aa0424a5c39a686c3
DRY_UPDATE memory/areas/upharma-ops/2026-06-03_staff_concentration_risk_learning.md c6f04cbf65f9a983865fb29bf709a82c
DRY_UPDATE memory/areas/upharma-ops/2026-06-04_0430_expiry_risk_deadstock_learning.md 02d5202977aac5ad27034a3dea2376dc
DRY_UPDATE memory/areas/upharma-ops/2026-06-03_2010_crm_contact_hygiene_learning.md 3c21548373a382da22c10f3aa56e4984
DRY_UPDATE memory/areas/upharma-ops/2026-06-03_profit_proxy_margin_learning.md 91a8fded3bc754cc8659db0dd1e9029e
DRY_UPDATE memory/areas/tech-ops/dify_local_runbook_20260604.md 0d42ff50caffab96b9f01faa3cd1bce4
DRY_UPDATE memory/areas/tech-ops/CAO_NORTH_STAR_20260604_2216.md d1d1e9b01c6e0164a83a4e55d8773dce
DRY_UPDATE memory/areas/tech-ops/SKILL_APP_REGISTRY.md db68720c867a206ea57c12f7f9ed5d57
DRY_UPDATE memory/areas/tech-ops/a2a_bus_canonical_policy.md 2258812aad4f6f5d7ac6d17776cde998
DRY_UPDATE memory/areas/tech-ops/producer-reviewer-schema-v1.md b76091f1203c9e00f21e288dc2a68d7b
DRY_UPDATE memory/areas/tech-ops/24-7-operating-mindset.md 3ec0fa6e0b37ab4ada10c67489e12f99
DRY_UPDATE memory/areas/tech-ops/CAO_SELF_DEVELOPMENT_PLAN_20260604_2226.md d3f75e91fa58867b34f728e3387257ac
DRY_UPDATE memory/areas/tech-ops/phase1_agent_hiring_setup_20260603.md a12384248454af05f27207866e392d24
DRY_UPDATE memory/areas/tech-ops/multi_agent_org_research_20260603.md e3f8548076707d4826f7151c8378dc81
DRY_UPDATE memory/areas/tech-ops/NOW_TIMEBOX_RULE_20260605_0919.md df4b338cb9ce2dcade3762d996015b3f
DRY_UPDATE memory/areas/tech-ops/evidence_execution_loop_rule_20260603.md 31da59f0873f66f577038f3bf1f45073
DRY_UPDATE memory/areas/tech-ops/KNOWLEDGE_PROCESS_V1_TOC_20260605_0024.md 072309f0e82fe04b21d89c1c46d227ca
DRY_UPDATE memory/areas/tech-ops/block_20260603_0800_1600_plan.md e3ff06b68b9bf00e329852004115a04c
DRY_UPDATE memory/areas/tech-ops/company_tree_online_product_studio_20260603.md 01f4462c90f5711f382d3d4388f1ab9a
DRY_UPDATE memory/areas/tech-ops/2026-05-29.md 51b20492c025742a44b640f5ad868ea1
DRY_UPDATE memory/areas/tech-ops/mandatory_report_checklist.md 3106fb722fb283da36641cb3b853a614
DRY_UPDATE memory/areas/tech-ops/freestyle_voice_eval_20260603.md 8f1ccd0dbad206562005187a01f04ba2
DRY_UPDATE memory/areas/tech-ops/TROLY_REVISED_MISSION_20260604_2200.md d374dc7e294212bf682e22ae4afe4dec
DRY_UPDATE memory/areas/tech-ops/2026-06-03.md d06d5f71e00826e32b33241d2ee0d9db
DRY_UPDATE memory/areas/tech-ops/KNOWLEDGE_PROCESS_V1_PACKAGE_20260605_0124.md 115b445a87a7f2a05ccea83631f93b89
DRY_UPDATE memory/areas/tech-ops/autonomous_ai_org_model_decision_20260603.md 790e962b50606fcbca3fb8fa24082b74
DRY_UPDATE memory/areas/tech-ops/second_brain_acceleration_plan_20260603.md 49b7c9c5e133898365102151a294c55f
DRY_UPDATE memory/areas/tech-ops/2026-06-02.md db52db0b9bb003b4ebb99e39522883b1
DRY_UPDATE memory/areas/tech-ops/CAO_SECOND_BRAIN_OPERATING_SYSTEM_20260604_2210.md 5ba2f730d46ed592ff1376b6ef83ea17
DRY_UPDATE memory/areas/tech-ops/company_online_growth_model_20260603.md 6bb5292deb662995c561ab806917a0ee
DRY_UPDATE memory/areas/tech-ops/workload_monitoring_policy.md 6a713a9c16c1dab6ba1a0fb5a3e27e2d
DRY_UPDATE memory/areas/tech-ops/TROLY_REPORT_STANDARD_20260604_2233.md db26efa3fd36b4f897db91225bc5f5fa
DRY_UPDATE memory/areas/tech-ops/ANTIGRAVITY_DIFY_UNBLOCK_TASK_20260604.md d15e31617cd26340acc2634387ec6a79
DRY_UPDATE memory/areas/tech-ops/CAO_TROLY_ROLE_BOUNDARY_20260604_2204.md 7ea8b7f7556ae87c9149086d937867b9
DRY_UPDATE memory/areas/tech-ops/2026-06-01.md 556422acc334fd7ab2ff12a4d2b5fd1b
DRY_UPDATE memory/areas/tech-ops/2026-06-03_ai_first_autonomy_rule.md 63125c9848bdad09ec75f9ec2a5da795
DRY_UPDATE memory/areas/tech-ops/PROCESS_SOP_INDEX_20260605_0324.md 3cb6193587a9b57f2c581750656c2855
DRY_UPDATE memory/areas/tech-ops/second_brain_health.md e26566378690a6479cd51cdec010c71f
DRY_UPDATE memory/areas/tech-ops/CAO_COMPANY_OPERATING_PLAN_20260604_2218.md f7bb3166801587f17660f65c4bbde738
DRY_UPDATE memory/areas/tech-ops/daily_knowledge_skill_review_rule_20260603.md 0143fc6105dda129dcea789444649cda
DRY_UPDATE memory/areas/tech-ops/2026-06-05.md 5e954baf413a4a891e8ee0a5d97ec07f
DRY_UPDATE memory/areas/tech-ops/2026-06-04.md d8544e1d6571b1de58a294b692a33a9b
DRY_UPDATE memory/areas/tech-ops/ACTIVE_GOALS.md b91cd814d2d2a6d1751fccbc28044fd1
DRY_UPDATE memory/areas/tech-ops/DIFY_COMPANY_AGENT_COORDINATION_20260604_2152.md 4761c526d5358f3680b8adc154d73f7a
DRY_UPDATE memory/areas/tech-ops/agent-collaboration-protocol.md 81e2ad50659d3a77f9c9ad356d69deca
DRY_UPDATE memory/areas/tech-ops/2026-06-03_critical_execution_reform.md 4d749f2983fbc3aafa80765dae4b1df9
DRY_UPDATE memory/areas/tech-ops/new_company_org_staffing_plan_20260603.md df72e1585c3c4095679c9db28d54dbaf
DRY_UPDATE memory/areas/tech-ops/8h_block_operating_rule_20260603.md 3f0317640200c85ce4c702887f286627
DRY_UPDATE memory/areas/tech-ops/company_productivity_reset_proposal_20260603.md e85b835ac4dabb2bca6dec7ef68cd988
DRY_UPDATE memory/areas/tech-ops/CAO_SUPERVISOR_OPERATING_MODEL.md f91062e565c743168ed81b44a6615e4d
DRY_UPDATE memory/areas/tech-ops/DIFY_USER_GUIDE_REQUEST_20260604_2312.md 24a40c404349796d8cf90322a9631dbb
DRY_UPDATE memory/areas/tech-ops/2026-05-31.md 067f22f1bd3d7679d01eaf874d681637
DRY_UPDATE memory/areas/tech-ops/daily_skill_review_template.md 72cdbc43a58e9219e71164561a9a5a69
DRY_UPDATE memory/areas/tech-ops/CAO_2_FOCUS_OPERATING_PLAN_20260604_2221.md 394a0b88e65c526b25cd03a3a6d59367
DRY_UPDATE memory/areas/tech-ops/CAO_OVERNIGHT_PLAN_TO_20260605_0800.md c99f7ee7cbf2f0338948061b60f25aa2
DRY_UPDATE memory/areas/tech-ops/OVERNIGHT_WORK_DIVISION_20260604_2238.md 840ed7cb11fbf8440024e5e817290cdb
DRY_UPDATE memory/areas/tech-ops/AGENT_TO_CAO_COMPLETION_GATE_20260605_0920.md e34d3622d2835f6382316df60fe2e2aa
DRY_UPDATE memory/areas/tech-ops/2026-05-30.md 298063bdbf616fa849dd1b7548b80b67
DRY_UPDATE memory/areas/tech-ops/DECISIONS.md 3e2467bbe687958e1533a9fa2a2f62a6
DRY_UPDATE memory/areas/tech-ops/HOURLY_BRIEF_20260605_0924.md d0bb6943bdb390aba0f55e327dae5af4
DRY_UPDATE memory/areas/render-automation/2026-06-03_1202_glassmorphism_caption_learning.md b704384d202d729083208ba4d7b86b77
DRY_UPDATE memory/areas/render-automation/product-watchlist.md cc0262b71ce38c21b37869555ab10789
DRY_UPDATE memory/areas/render-automation/2026-06-03_badivi_3reels_render.md fd171b23d9c1540a5f2c7766ab6d491d
DRY_UPDATE memory/areas/render-automation/2026-06-02_1159_xfade_audioduck_learning.md 49a76808135675d8c7015ae9e7a4dcd8
DRY_UPDATE memory/areas/render-automation/2026-06-04_2151_beatcut_caption_learning.md 689177ec34bb41901edc716288746692
DRY_UPDATE memory/areas/render-automation/2026-06-03_2235_luma_caption_learning.md ef882cf401a04e7e662182efc135015a
DRY_UPDATE memory/areas/render-automation/2026-06-05_0821_light_sweep_caption_learning.md 03f213a65b08ec43382dd3efc747e549
DRY_UPDATE memory/areas/render-automation/2026-06-02_2317_animated_lowerthird_broll_learning.md 1b7b50f284066dab439b30d28965bcd9
DRY_UPDATE memory/areas/render-automation/2026-06-03_1718_chromatic_pulse_caption_learning.md ec44e5b75208770ad231e575a3d36b6d
DRY_UPDATE memory/areas/render-automation/2026-06-02_1459_slide_transition_ducking_fixed_learning.md ee666eb8b68f1eb0db3232afbe019a4c
DRY_UPDATE memory/areas/render-automation/2026-06-03_2020_caption_bounce_safezone_learning.md 6a34fc4bf54bcf05bce9237edbb3b2b6
DRY_UPDATE memory/areas/render-automation/learning-progress.md 8561ada1a7de3c6ae42b5b05d16aeb53
DRY_UPDATE memory/areas/render-automation/2026-06-04_ass_karaoke_caption.md d1b048249a37eb7731bd39055078b8f4
DRY_UPDATE memory/areas/render-automation/2026-06-02_heartbeat_0512_caption_transition_learning.md 0f9bf86d170e0051409d0cc77153f071
DRY_UPDATE memory/areas/render-automation/2026-06-03_1633_masked_reveal_caption_learning.md 285ca9027aff50fb85bf411993699e2c
DRY_UPDATE memory/areas/render-automation/2026-06-04_1251_animated_highlight_caption_learning.md b5fd65f93ac31d2b17a5c9b74fa8dc3a
DRY_UPDATE memory/areas/render-automation/2026-05-26-tro-ly-model-learning-status.md a6387576c1e89ae0860e411e2f195168
DRY_UPDATE memory/areas/render-automation/2026-06-03_0047_parallax_text_shadow_learning.md 6ce898d390cec28e6a09249da1948bd8
DRY_UPDATE memory/areas/render-automation/2026-06-04_0005_safearea_subtitle_learning.md 5d1588acc23f04f09959c1f8e3c071f8
DRY_UPDATE memory/areas/render-automation/2026-06-05_0651_neon_stroke_caption_learning.md 356190c2dd54bde05c0ed69f25d679af
DRY_UPDATE memory/areas/render-automation/NOTE_karaoke_caption_ass_20260603.md e2c7bee5dcc8698afc7e0efbc790ee1c
DRY_UPDATE memory/areas/render-automation/2026-06-03_1850_progress_timer_caption_learning.md cd3db8589efc4b8916e9f67bf13bdb1b
DRY_UPDATE memory/areas/render-automation/2026-06-04_1851_shimmer_caption_learning.md 10032b542f2e467e04ea0b2b822ac987
DRY_UPDATE memory/areas/render-automation/2026-06-04_1206_typewriter_caption_learning.md 5dc65eddc91ef6ef03459e1d630d5aaf
DRY_UPDATE memory/areas/render-automation/SKILL_caption_popin_2026-06-04.md af412f8a91020dfd3dcbe67b5fdbda44
DRY_UPDATE memory/areas/render-automation/2026-06-03.md a5593fea6f59e4af97da994885d52127
DRY_UPDATE memory/areas/render-automation/2026-06-04_1121_subtitle_pop_learning.md 698626c444cb12219f32cb2ddffafc58
DRY_UPDATE memory/areas/render-automation/2026-06-03_1418_progressbar_glow_caption_learning.md 3752661d557af9a2eda421f52d1c48dd
DRY_UPDATE memory/areas/render-automation/2026-06-02.md 7f52c573d0294fc182f12d798df8af19
DRY_UPDATE memory/areas/render-automation/2026-06-02_1114_kenburns_zoompan_learning.md b60cc3a932d2570fe86170a0f682ce37
DRY_UPDATE memory/areas/render-automation/2026-06-04_0305_parallax_depth_caption_learning.md a67582bff17a6ecd091de31de4813810
DRY_UPDATE memory/areas/render-automation/2026-06-02_1029_badivi_render_heartbeat.md 49918c7944a33455466a47de73a94ffe
DRY_UPDATE memory/areas/render-automation/video-quality-sop.md 839371f3976496b89e3ead195e5d4dc4
DRY_UPDATE memory/areas/render-automation/2026-06-04_0220_morphing_gradient_caption_learning.md 9116528f6b8c5f47d63c5990ecab3505
DRY_UPDATE memory/areas/render-automation/2026-05-30-batch-remake-approval.md 92aeb28c7e8c88696b2e91b81130a2b8
DRY_UPDATE memory/areas/render-automation/2026-05-26-active-rules.md 6f99cb47fee96f4f54be6096f20f09fd
DRY_UPDATE memory/areas/render-automation/2026-05-30-music-decision.md 6666997f9bc582bd62f00ee127ac3c92
DRY_UPDATE memory/areas/render-automation/2026-06-04_0135_kinetic_caption_learning.md a0ae1c57a130965d2e07979c4fbf4af0
DRY_UPDATE memory/areas/render-automation/2026-06-03_1503_tarot_phase3_intro_asset_learning.md 47eb616172b58392099aba9bfb0d4388
DRY_UPDATE memory/areas/render-automation/2026-05-25-google-drive-local-sync-rule.md e4e771a89617708208a45d610cb7a9c0
DRY_UPDATE memory/areas/render-automation/2026-06-04_0820_depth_blur_caption_learning.md 4d7c6f7ef52d068703ab27c6df128e45
DRY_UPDATE memory/areas/render-automation/2026-06-03_2321_perspective_flip_caption_learning.md 73f06cfd69fa314190333c73a8d44074
DRY_UPDATE memory/areas/render-automation/2026-06-02_1847_badivi_verify.md 33f68c7090234128c18429053641b11a
DRY_UPDATE memory/areas/render-automation/2026-06-04_0905_neon_lowerthird_learning.md a319dadea52e467a20e397e767aad195
DRY_UPDATE memory/areas/render-automation/2026-06-04_0606_ass_popin_scale_bounce_learning.md 1407e501d4669244865a0754598e04fd
DRY_UPDATE memory/areas/render-automation/2026-06-05_1036_dify_verify_heartbeat.md dde90d04860033f2bd75a54bdd22412d
DRY_UPDATE memory/areas/render-automation/2026-06-03_daily_checkpoint_render_tarot.md 0328272bf4945a6632a1078997266857
DRY_UPDATE memory/areas/render-automation/2026-05-30-batch-remake-review.md 167c9f12dc573c22dd872039e3122354
DRY_UPDATE memory/areas/render-automation/2026-06-03_badivi_3reels_done_verify.md 285597f308fa10ec8385eee92c858b3a
DRY_UPDATE memory/areas/render-automation/2026-06-03_0132_gradient_wipe_caption_learning.md 5766808cf4eb3f40cd86c6f9faec071f
DRY_UPDATE memory/areas/render-automation/2026-06-03_0217_spotlight_caption_wipe_learning.md 34bcc40cd7518960fbfcde5098fffd49
DRY_UPDATE memory/areas/render-automation/2026-06-03_0433_kenburns_glow_caption_learning.md e7af7e916ce4b2437ad741aa93a97998
DRY_UPDATE memory/areas/render-automation/2026-06-04-badivi-render.md 40b5d067ce4d74a4080982f0ead4132e
DRY_UPDATE memory/areas/render-automation/2026-06-02_2017_split_screen_comparison_learning.md 09c6cef61e556b0b932782087735ba48
DRY_UPDATE memory/areas/render-automation/2026-06-02_2232_typewriter_caption_reveal_learning.md 41cff5cd9f16a4b7babb13421e8cd9c7
DRY_UPDATE memory/areas/render-automation/2026-06-04_0350_split_screen_broll_learning.md ba9100d7e0326a78d8323b8c24335e63
DRY_UPDATE memory/areas/render-automation/2026-06-02_heartbeat_0342_ffprobe_caption_verify.md b7ad197545e499fadd83054e2ecfc437
DRY_UPDATE memory/areas/render-automation/2026-06-02_1802_badivi_verify.md f80fba5b8c2091d5ab53e0374c897a51
DRY_UPDATE memory/areas/render-automation/2026-05-30-remake-review.md 1b4d3147551f7c619bb498768fbe364b
DRY_UPDATE memory/areas/render-automation/2026-06-04_1037_beatsync_caption_learning.md 8ef257c5bc909c884b6482c26ae2fe71
DRY_UPDATE memory/areas/render-automation/2026-06-03_2150_luma_wipe_transition_learning.md 79cdf3d50d83938e58494ce9631806fb
DRY_UPDATE memory/areas/render-automation/2026-06-03_1806_animated_gradient_bg_learning.md abf4fd7abfae3e6d611ba386887ecf18
DRY_UPDATE memory/areas/render-automation/2026-05-30-musiclib-review.md f95fbf0929627f615e24b277d128884e
DRY_UPDATE memory/areas/render-automation/2026-06-04_1336_swipe_reveal_caption_learning.md fc95a7e4cc9ec7f8f7abbaba4e406a30
DRY_UPDATE memory/areas/render-automation/2026-06-03_1935_kinetic_caption_template_learning.md aa0474d5a2b7e7365c6dac8191177216
DRY_UPDATE memory/areas/render-automation/2026-06-02_0859_kinetic_caption_safezone_learning.md 829e87d355924f588b0ac09626991838
DRY_UPDATE memory/areas/render-automation/2026-05-27-low-risk-autofix-rule.md 25c44f719efd3911fe2262c7125093ce
DRY_UPDATE memory/areas/render-automation/2026-06-02_2102_kinetic_caption_timing_learning.md a966c34dec0a215b7ae02bb6d9ea3013
DRY_UPDATE memory/areas/render-automation/2026-06-04_0952_speedramp_punchin_learning.md 949e4d63bc178b857aa7037f3f59df4d
DRY_UPDATE memory/areas/render-automation/2026-05-30.md 19915770b2b32ba281344558ce624934
DRY_UPDATE memory/areas/render-automation/2026-06-03_2105_kinetic_mask_caption_learning.md 99ce0cc611fb9ac08f0c3f79064cedec
DRY_UPDATE memory/areas/render-automation/NOTE_caption_karaoke_ass_20260603.md 81454c6ef0b37c5c371c946eac9ced0c
DRY_UPDATE memory/areas/render-automation/2026-06-03_0518_popscale_overlay_learning.md 328510006e84bcbced5f0bdf55e07d4e
DRY_UPDATE memory/areas/render-automation/2026-06-04_0520_cinematic_grade_template_learning.md b2af44aa8e299564a40ef70a67609a45
DRY_UPDATE memory/areas/render-automation/2026-06-02_heartbeat_0558_karaoke_caption.md 2fe3a2c65f81ef1b6139edfdb9674b46
DRY_UPDATE memory/areas/render-automation/lab_masked_reveal_20260603_1633/postflight_report.md 4aeeb565e1fe4f704fb3d0ffdb242936
DRY_UPDATE memory/areas/render-automation/lab_shape_morph_transition_20260604_2021/learning_note.md dcd90a51270a5940d4c140f109927988
DRY_UPDATE memory/areas/render-automation/lab_shape_morph_transition_20260604_2021/postflight_report.md e7eb266bff6e4cbd361702abba5be545
DRY_UPDATE memory/areas/render-automation/lab_parallax_depth_2026-06-04_0305/postflight_report.md f0db1bece2cb1366b4ab133170bf5e40
DRY_UPDATE memory/areas/render-automation/heartbeat_learning_20260604_2321_speedramp_subtitle/note.md 09b714eeb63b362e185841f9e2a16b89
DRY_UPDATE memory/areas/render-automation/heartbeat_learning_20260604_2321_speedramp_subtitle/postflight_report.md 48ce4869cb0a6f7d5aa0138a7ac0eecc
DRY_UPDATE memory/areas/render-automation/lab_shimmer_caption_20260604_1851/postflight_report.md 22f19c18e7ec517d110618131ab46178
DRY_UPDATE memory/areas/render-automation/lab_safearea_subtitle_20260604_0005/postflight_report.md a2f27c902b51041c5060bd6119640002
DRY_UPDATE memory/areas/render-automation/lab_typewriter_caption_20260604_1206/postflight_report.md cca5ae24a25b7aacb258a41db7ea6720
DRY_UPDATE memory/areas/render-automation/lab_speedramp_focus_20260604_2106/learning_note.md 3e2f98d815b0905021fa66c4fe658032
DRY_UPDATE memory/areas/render-automation/lab_speedramp_focus_20260604_2106/postflight_report.md 27e2027d67ddb36c3587ffbadb1af3b2
DRY_UPDATE memory/areas/render-automation/heartbeat_learning_20260605_0221_neon_scan_caption/learning_note.md f105166e78a652726bb835188eed5138
DRY_UPDATE memory/areas/render-automation/heartbeat_learning_20260605_0221_neon_scan_caption/postflight_report.md 6c6a2d19c98f11cd3874d1b643b08880
DRY_UPDATE memory/areas/render-automation/lab_beatcut_heartbeat_20260604_2151/README.md 89b32ae3f9fb76571eb985adf6d52a76
DRY_UPDATE memory/areas/render-automation/lab_beatcut_heartbeat_20260604_2151/postflight_report.md ec0c9be3dfdadfc1ff8439cc1f0c86e4
DRY_UPDATE memory/areas/render-automation/heartbeat_learning_20260605_0736_parallax_depth/learning_note.md a1a5f7006ca711aa5bc4eb881b7a2e26
DRY_UPDATE memory/areas/render-automation/heartbeat_learning_20260605_0736_parallax_depth/postflight_report.md 4779fdb1ecd5cb85d89a4a898b880153
DRY_UPDATE memory/areas/render-automation/lab_glassmorphism_20260603_1202/postflight_report.md 132a2a0b9b676163fb6257ffe7f160ba
DRY_UPDATE memory/areas/render-automation/lab_3d_shadow_caption_20260604_1806/learning_note.md f289d30a3f59cbf3b1c5872eb5fd0870
DRY_UPDATE memory/areas/render-automation/lab_depth_blur_caption_20260604_0820/postflight_report.md 26718b2df94e7758bff9a469f2942ee0
DRY_UPDATE memory/areas/render-automation/lab_kinetic_mask_20260603_2105/postflight_report.md 833944aac2ca15cb9a9ba9f182bd2f5e
DRY_UPDATE memory/areas/render-automation/heartbeat_learning_20260605_1121_vertical_split_reveal/learning_note.md fc98917d99aaa232e75b78d266161e41
DRY_UPDATE memory/areas/render-automation/heartbeat_learning_20260605_1121_vertical_split_reveal/postflight_report.md 94e363b02d1daa47ffdd6e0785395556
DRY_UPDATE memory/areas/render-automation/lab_chromatic_pulse_20260603_1718/postflight_report.md b11c9c04f8eba20843a0dade35673784
DRY_UPDATE memory/areas/render-automation/lab_split_screen_broll_20260604_0350/postflight_report.md 7b5652aaf603099d195f4a3369cc7324
DRY_UPDATE memory/areas/render-automation/heartbeat_learning_20260605_0136_parallax_kenburns/learning_note.md 3d66fbaca4160ee3add95828982dec31
DRY_UPDATE memory/areas/render-automation/heartbeat_learning_20260605_0136_parallax_kenburns/postflight_report.md 6900522df3dcf2e3b537f20b31f38c20
DRY_UPDATE memory/areas/render-automation/lab_luma_wipe_20260603_2150/postflight_report.md d19f4096eb7236c1b13b441f05773511
DRY_UPDATE memory/areas/render-automation/heartbeat_learning_20260605_0521_bounce_subtitle/learning_note.md 8d6c0fe4431784fa49d7fabc6a97b1f6
DRY_UPDATE memory/areas/render-automation/heartbeat_learning_20260605_0521_bounce_subtitle/postflight_report.md e22f68218cc4713baa4e19c80f27f1dc
DRY_UPDATE memory/areas/render-automation/lab_liquid_caption_20260604_1551/learning_note.md 25bfbed2778370489e3c48fa02c92dd9
DRY_UPDATE memory/areas/render-automation/lab_liquid_caption_20260604_1551/postflight_report.md 99402e8e563fa522b1b5ae26d3c72c55
DRY_UPDATE memory/areas/render-automation/lab_neon_lowerthird_20260604_0905/postflight_report.md a930badd6111292fa5e18c80b52dbdb9
DRY_UPDATE memory/areas/render-automation/skill_lab/2026-06-03_0348_circlewipe_transition.md 016469d5c1072f1f9fa90d757c27e7ce
DRY_UPDATE memory/areas/render-automation/skill_lab/NOTE_caption_fadein_progressbar.md 4c85398e6862cc5c864fbfa317729b8c
DRY_UPDATE memory/areas/render-automation/lab_glitch_hook_gradient_20260604_1937/learning_note.md 9ad77852f41495b5b3e1e95e22fdbe2e
DRY_UPDATE memory/areas/render-automation/lab_glitch_hook_gradient_20260604_1937/postflight_report.md 00c4c9ccf60e13e975e6cb0865da02b9
DRY_UPDATE memory/areas/render-automation/lab_waveform_caption_20260604_1636/learning_note.md d28a71587fb0d0d71ddbcdb86e90cae0
DRY_UPDATE memory/areas/render-automation/lab_waveform_caption_20260604_1636/postflight_report.md b10c8b28213e8191aadb3d4838b7f69b
DRY_UPDATE memory/areas/render-automation/heartbeat_learning_20260604_1721/note.md fb7eb687203c1fb07486ed0fca48d5f1
DRY_UPDATE memory/areas/render-automation/heartbeat_learning_20260604_1721/postflight_report.md 2831d2626913b5a39da3cfe690875e47
DRY_UPDATE memory/areas/render-automation/heartbeat_learning_20260605_0051_depth_parallax/note.md 682a6a43ba52b7899cb03557c3463f12
DRY_UPDATE memory/areas/render-automation/heartbeat_learning_20260605_0051_depth_parallax/postflight_report.md 8028b2b9b25f7fe8ff61d6e04cd41a89
DRY_UPDATE memory/areas/render-automation/lab_orbit_caption_20260604_0735/learning_note.md d60d0350bddb323f4c30f135bc2f52be
DRY_UPDATE memory/areas/render-automation/lab_orbit_caption_20260604_0735/postflight_report.md 55e831f497992b288fac7c4ab2d17598
DRY_UPDATE memory/areas/render-automation/heartbeat_learning_20260605_0951_gradient_orb_caption/learning_note.md 4bad797919b9cea3daa6c969bfb9ea53
DRY_UPDATE memory/areas/render-automation/heartbeat_learning_20260605_0951_gradient_orb_caption/postflight_report.md 7f5279be7bdaa91a0bab8009ef5e1049
DRY_UPDATE memory/areas/render-automation/heartbeat_learning_20260605_0436_luma_wipe_caption/learning_note.md 9a061909f07d39492c64d8458bcc0808
DRY_UPDATE memory/areas/render-automation/heartbeat_learning_20260605_0436_luma_wipe_caption/postflight_report.md aa04cced36ab0414727fe37bacc7f830
DRY_UPDATE memory/areas/render-automation/skill_lab/2026-06-03_0647_speedramp_caption/README.md c317ec9082c33cce7048d765e13255ac
DRY_UPDATE memory/areas/tech-ops/research/open_design_dify_application_20260604.md 2d3b0f5bb3391df6b2d910858f7b63ad
DRY_UPDATE memory/areas/tech-ops/research/shardbrowser_eval_20260604.md e1b77e9bb33c931e554ff7fff31563ce
DRY_UPDATE memory/areas/tech-ops/research/open_design_eval_20260604.md 55c864be459fb229f7bbb253a0f07f72
DRY_UPDATE memory/areas/tech-ops/dify_30m_setup_20260605_0935/SPRINT_START.md 96d6ed04bedd464e3fe6e252f5074b27
DRY_UPDATE memory/areas/tech-ops/dify_30m_setup_20260605_0935/STATUS.md 1e5b71e6cc3a9cee0c93ac4b2ee2dfe6
DRY_UPDATE memory/areas/tech-ops/antigravity_bridge_evidence/antigravity_cdp_20260604_075745.md e419cc2f6e02b3a05b0ddc8d9f6de1d7
DRY_UPDATE memory/areas/tech-ops/dify_evidence_20260604/progress_control.md 23602ec6b8c4d7a0a8bf30bb8ea03380
DRY_UPDATE memory/areas/tech-ops/dify_evidence_20260604/provider_init_result_20260604_0710.md ccbda5966836ce9c21cc921f7a735176
DRY_UPDATE memory/areas/tech-ops/dify_evidence_20260604/antigravity_fix_summary_20260604_0710.md 403dcd2064ba7432b0ca220892ae7682
DRY_UPDATE memory/areas/tech-ops/dify_evidence_20260604/dify_gate_canonical_artifact_mirror_evidence_20260604_1339.md cc0eabd2d55fd957dcac66704aa5b03d
DRY_UPDATE memory/areas/tech-ops/dify_0800_package/DIFY_IMPORT_SMOKE_TEST_CHECKLIST_20260605_0024.md 0d4fe091c37d287e92f573852199af65
DRY_UPDATE memory/areas/tech-ops/dify_0800_package/DIFY_APP_STATUS_TABLE_20260605_0124.md df5425617f3db07301c07fbfcd93cc79
DRY_UPDATE memory/areas/tech-ops/dify_0800_package/OWNER_ARTIFACT_AUDIT_20260605_0224.md 57122d7874aab09e318035ba1fe6589e
DRY_UPDATE memory/areas/tech-ops/dify_0800_package/PREFINAL_REPORT_20260605_0724.md 1cfe042cdafdaff5e4c4b2b606eecd6d
DRY_UPDATE memory/areas/tech-ops/dify_0800_package/DIFY_STATUS_PACKAGE_20260605_0024.md 7bec1819cd6ba33d4e639fbbf8a15ca4
DRY_UPDATE memory/areas/tech-ops/dify_0800_package/DIFY_BLOCKERS_20260605_0124.md a03e01a60268e78efd1caea7c7d0eb87
DRY_UPDATE memory/areas/tech-ops/dify_0800_package/NATIVE_ATTEMPT_20260605_0824.md 39213edd6f8a4f0577fad673e3549b5b
DRY_UPDATE memory/areas/tech-ops/dify_0800_package/DIFY_REVIEW_READY_MATRIX_20260605_0224.md b46882c1085c308a197b49e82a2ac225
DRY_UPDATE memory/areas/tech-ops/dify_0800_package/FINAL_CONSISTENCY_AUDIT_20260605_0624.md d7e045807a002296941177c01270b782
DRY_UPDATE memory/areas/tech-ops/dify_0800_package/EXECUTIVE_PACKAGE_1PAGE_20260605_0524.md 5ecd168fcf2ec7613c5357c83317ff35
DRY_UPDATE memory/areas/tech-ops/dify_0800_package/EXECUTIVE_PACKAGE_DRAFT_20260605_0324.md 48a6ab4b3fc5d70cdc848082e040b339
DRY_UPDATE memory/areas/tech-ops/dify_evidence_20260604/test_runs/test_harness_status_0140.md 4c59a43cc8862f4271aff0b0b11bc14a
DRY_UPDATE memory/areas/tech-ops/dify_evidence_20260604/app_set/company_os_app_set_v0.md 21736fdcc3da30832226df12ba0fb17e
DRY_UPDATE memory/areas/tech-ops/dify_evidence_20260604/kb_patch/ingest_route_status_0326.md 3cc574cacd456e0254c548adb060456b
DRY_UPDATE memory/areas/tech-ops/dify_evidence_20260604/kb_patch/service_api_token_probe_0356.md a00e321ae19c2bb50dd1859678bf9b2f
DRY_UPDATE memory/areas/tech-ops/dify_evidence_20260604/kb_patch/company_os_freshness_patch_20260604.md efe5856a92f690d8ace533fe6c4b9c47
DRY_UPDATE memory/areas/upharma-ops/learning/2026-06-02-dashboard-postflight-guardrails.md 23b8d15b5ba8a54e2c2e951f6ae65159
DRY_UPDATE memory/areas/upharma-pharma-knowledge/review/pending-review.md 83e14a037862f5404097b96488dacd7e
DRY_UPDATE memory/areas/upharma-pharma-knowledge/review/approved.md a08d51ec4a427661ea68045e6b98812d
DRY_UPDATE memory/areas/upharma-pharma-knowledge/sources/import-log.md 717e1324c951edf50044d432a893b158
DRY_UPDATE memory/areas/upharma-pharma-knowledge/templates/product-template.md 9c67a52ae52b6076c0963c928bd4af29
DRY_UPDATE memory/areas/upharma-pharma-knowledge/templates/sop-template.md 1454cf17c622122c9a4f950f96cdce18
DRY_UPDATE memory/areas/upharma-pharma-knowledge/products/by-brand/013-metroral-sus-60ml-th05567.md 03b6728f26cd62d3c62788001c42b23b
DRY_UPDATE memory/areas/upharma-pharma-knowledge/products/by-brand/020-thach-an-lien-cjel-beauty-10g-h20-tp05605.md 0ffd56f26ffda9467c8968c3a45273ed
DRY_UPDATE memory/areas/upharma-pharma-knowledge/products/by-brand/003-gel-phu-khoa-ph-balance-mois-intimate-200ml-tb05514.md 102be2f612852f75b5b6d66db38eeda9
DRY_UPDATE memory/areas/upharma-pharma-knowledge/products/by-brand/004-gel-phu-khoa-ph-balance-mois-intimate-200ml-tb05514.md 90222630aa29608d6a902c976b9f65a9
DRY_UPDATE memory/areas/upharma-pharma-knowledge/products/by-brand/002-micospray-emul-20mg-50ml-th05090.md 30e8fe423352eb26d5bf8929644560de
DRY_UPDATE memory/areas/upharma-pharma-knowledge/products/by-brand/016-rosimet-softcap-l60-tp05586.md 11a67181cdc2e45949d159f2d34abf1a
DRY_UPDATE memory/areas/upharma-pharma-knowledge/products/by-brand/008-gel-boi-niem-mac-mieng-laforin-herbgel-10g-tb05519.md ed817bf1ba4906798477d9b1ebba8d71
DRY_UPDATE memory/areas/upharma-pharma-knowledge/products/by-brand/010-pyridol-sol-10ml-h20-th05520.md de3c7233e37e513129b9438ae68e2872
DRY_UPDATE memory/areas/upharma-pharma-knowledge/products/by-brand/001-micospray-emul-20mg-50ml-th05090.md dffb8df8cf11f2d9521d96b9689a88a9
DRY_UPDATE memory/areas/upharma-pharma-knowledge/products/by-brand/019-thach-an-lien-cjel-beauty-10g-h20-tp05605.md 2a5e251316f7198dc30d242637e7e683
DRY_UPDATE memory/areas/upharma-pharma-knowledge/products/by-brand/017-gel-bot-ph-balance-baby-intimate-200ml-tb05587.md 0da1d18335333ba2eaa1e129c78f9786
DRY_UPDATE memory/areas/upharma-pharma-knowledge/products/by-brand/011-uni-clod-eye-drops-1ml-h4x5-th05550.md eae6d8653ef58df5d9d11cfe27986dc6
DRY_UPDATE memory/areas/upharma-pharma-knowledge/products/by-brand/006-zentokid-zinc-sol-5ml-h4x5-tp05517.md d9e23cba68cded3983ef417f1d4af4ce
DRY_UPDATE memory/areas/upharma-pharma-knowledge/products/by-brand/009-gel-boi-niem-mac-mieng-laforin-herbgel-10g-tb05519.md 7ebbb4ebe60799132d6d1ec4926edbf9
DRY_UPDATE memory/areas/upharma-pharma-knowledge/products/by-brand/007-noverxar-sus-5ml-h2x5-th05518.md 8651c3c729b74b491a9ca5476eaa9431
DRY_UPDATE memory/areas/upharma-pharma-knowledge/products/by-brand/005-zentokid-zinc-sol-5ml-h4x5-tp05517.md eb1ede804b9c9ee763ce6764a802eae2
DRY_UPDATE memory/areas/upharma-pharma-knowledge/products/by-brand/015-rosimet-softcap-l60-tp05586.md c848ec86c5b13a723076b27fdc343439
DRY_UPDATE memory/areas/upharma-pharma-knowledge/products/by-brand/018-gel-bot-ph-balance-baby-intimate-200ml-tb05587.md 8ac88a3483b038870c335f4d183cae1d
DRY_UPDATE memory/areas/upharma-pharma-knowledge/products/by-brand/012-metroral-sus-60ml-th05567.md 94038080ca8e1fe95a648f424d9bb9a1
DRY_UPDATE memory/areas/upharma-pharma-knowledge/products/by-brand/014-rosimet-softcap-l60-tp05586.md 79909d1de75f2743ba0bce32ca60da68
DRY_UPDATE memory/areas/dropship-affiliate/learning/badivi_alibaba_listing_seo_rfq_inbound_20260603_0513.md c0613c008805413de51a8bcf8e108508
DRY_UPDATE memory/areas/dropship-affiliate/learning/2026-06-03_1546_badivi_distributor_onboarding_scorecard_skill.md 578bd15c28edf403fb73ba9737c53617
DRY_UPDATE memory/areas/dropship-affiliate/learning/2026-06-04_0302_badivi_b2b_reel_comment_manual_triage_without_cookie.md 6c6eeeacf881f9d57a394b49caeb6624
DRY_UPDATE memory/areas/dropship-affiliate/learning/2026-06-04_0648_badivi_outbound_multichannel_no_fb_funnel.md c63de1b2af6f49b54b05d450985809f7
DRY_UPDATE memory/areas/dropship-affiliate/learning/2026-06-04_0817_badivi_linkedin_serp_leadgen_playbook.md 1a77ab3679ccc4433be33d92630bff40
DRY_UPDATE memory/areas/dropship-affiliate/learning/2026-06-03_0728_badivi_rfq_campaign_quality_gate_skill.md 4661da6704d9b954712c119dae8de5ab
DRY_UPDATE memory/areas/dropship-affiliate/learning/2026-06-03_2016_badivi_supplier_verification_factory_audit_skill.md 3552defab485c0f0c17f0ebacc37a904
DRY_UPDATE memory/areas/dropship-affiliate/learning/badivi_reel_abtest_hook_library_20260603_0343.md 8ccf6a561c96b692477191af32695388
DRY_UPDATE memory/areas/dropship-affiliate/learning/badivi_social_saas_adapter_contracts_20260603_1501.md 8b032d4b5546f67733188c69257fc1c9
DRY_UPDATE memory/areas/dropship-affiliate/learning/2026-06-04_0002_badivi_domestic_b2b_lead_enrichment_without_fb_cookie.md 376da135ef3be14176340eac6a917353
DRY_UPDATE memory/areas/dropship-affiliate/learning/2026-06-04_0047_epoch_ascendant_retention_monetization_skill.md d5d35b42044ad5f4a754fd074ac5a2fa
DRY_UPDATE memory/areas/dropship-affiliate/learning/badivi_reel_hook_retention_20260603_0258.md e6f1d2cac1e132aef6307e9eb70b687f
DRY_UPDATE memory/areas/dropship-affiliate/learning/2026-06-04_0517_badivi_reel_hook_library_ugc_remix_playbook.md 49d32350edd8e4fc6a4500b9ccc06a0c
DRY_UPDATE memory/areas/dropship-affiliate/learning/badivi_rfq_to_order_quote_psychology_20260603_0858.md 16f71936c6dc35a8c4ed052175768150
DRY_UPDATE memory/areas/dropship-affiliate/learning/2026-06-03_0428_badivi_reels_algorithm_distribution_b2b_vn_skill.md 4444e471325414c4680d92cf5155db47
DRY_UPDATE memory/areas/dropship-affiliate/learning/2026-06-03_1716_badivi_b2b_objection_to_rfq_conversion_skill.md d590037d42752197cce08a699609000b
DRY_UPDATE memory/areas/dropship-affiliate/learning/20260603_2101_badivi_b2b_sample_pack_objection_kpi_skill.md d87b258680885cee975bc583cb557182
DRY_UPDATE memory/areas/dropship-affiliate/learning/badivi_post_reel_to_rfq_sla_20260603_0213.md 9b400e6f4e66bf255ab2bdaa1addf62a
DRY_UPDATE memory/areas/dropship-affiliate/learning/2026-06-04_0347_epoch_unity_rosetta_blocker_web_to_unity_bridge_skill.md 809396dbd7a80881981fc4063db3844d
DRY_UPDATE memory/areas/dropship-affiliate/learning/2026-06-03_1931_bun_heartbeat_resolution_old_tasks.md 3f65ee4fbd4eabfb6d59bbab01272379
DRY_UPDATE memory/areas/dropship-affiliate/learning/badivi_b2b_cold_outreach_copywriting_en_20260603_0813.md 9cf90a427d72fdf6aadc58138f89f620
DRY_UPDATE memory/areas/dropship-affiliate/learning/badivi_leadgen_rfq_followup_20260603.md 57a5cdcbc1bf80ffe25dcfa5b56ab111
DRY_UPDATE memory/areas/dropship-affiliate/learning/2026-06-03_1846_badivi_rfq_form_conversion_copy_skill.md f090f5fa6a5189a34c740f4003b55aeb
DRY_UPDATE memory/areas/dropship-affiliate/learning/2026-06-03_2232_badivi_b2b_rfq_spec_sheet_template_skill.md 2d8e6e3fd248e9de60a4025010418a90
DRY_UPDATE memory/areas/dropship-affiliate/learning/2026-06-03_2146_badivi_b2b_export_document_pack_skill.md 78ee530d0159ddd459f328021fbebcfd
DRY_UPDATE memory/areas/dropship-affiliate/learning/badivi_reel_to_zalo_oa_conversion_funnel_20260603_0944.md 2ebf931a34e3a12f9a2008106861643d
DRY_UPDATE memory/areas/dropship-affiliate/learning/badivi_social_saas_state_machine_micro_20260603_1029.md 4caac09f711aab635bc7a750362b7e12
DRY_UPDATE company-os/knowledge/company_os_core_rules_for_dify_20260603.md e23cfa0cd9adaed6fcd87ebf07ce9143
DRY_UPDATE company-os/knowledge/LLM_KNOWLEDGE_OPTIMIZATION.md 769f9a1a26c6d0c5c6ff8eeb325cd91e
DRY_UPDATE company-os/knowledge/MASTER_INDEX.md 7c09b0564d65e99aacb7a7f4c9b9addf
DRY_UPDATE company-os/knowledge/DIFY_VS_ANYTHINGLLM_EVALUATION.md 3f600fdaafd751527d5cca7bcda6c350
DRY_UPDATE company-os/knowledge/SMB_RAG_OPTIONS_RESEARCH.md cd5203f0770da040c4da46ae2a439b0f
DRY_UPDATE company-os/knowledge/README.md 88c760f90bb0f8e7f9e89f13f6a73a47
DRY_UPDATE company-os/knowledge/ACTIVE_RULES.md 558925b409dead402b0eeb228f1cfde1
DRY_UPDATE company-os/knowledge/ACTIVE_GOALS.md 9d13b69ddabfd4a428c929f4c9ef1ab6
DRY_UPDATE company-os/knowledge/DIFY_MACHINE_READINESS_20260603.md 50633449fe8693fc73a0f2a706e67cf5
DRY_UPDATE company-os/knowledge/DECISIONS.md 3e2467bbe687958e1533a9fa2a2f62a6
DRY_UPDATE company-os/knowledge/tools/TOOL_REGISTRY.md ace8d739f30c0f74e03ab141ec4c8d2e
DRY_UPDATE company-os/knowledge/patterns/PATTERN_LIBRARY.md 51b96647ff140ec453ab78d90b37b4ea
DRY_UPDATE company-os/knowledge/github-research/INDEX.md cd83393aef696f297d7cb08b2f634fff
DRY_UPDATE company-os/knowledge/decisions/DECISION_LOG.md d5ad2e6bbcc6e8b0ea363dbcd043a644
DRY_UPDATE company-os/knowledge/phase-backlog/PHASE_BACKLOG.md 8251e645c4d220bc27ac85d2f13d4e46
SCAN changed=4 dry_run=False
UPLOADED memory/areas/tech-ops/SKILL_APP_REGISTRY.md
UPLOADED memory/areas/tech-ops/2026-06-05.md
UPLOADED memory/areas/tech-ops/ACTIVE_GOALS.md
UPLOADED memory/areas/tech-ops/DECISIONS.md
SCAN changed=18 dry_run=False
UPLOADED memory/areas/dropship-affiliate/MEMORY.md
UPLOADED memory/areas/dropship-affiliate/2026-06-05.md
UPLOADED memory/areas/upharma-ops/2026-06-05.md
UPLOADED memory/areas/tech-ops/DIFY_ADOPTION_AUDIT_20260605_1348.md
UPLOADED memory/areas/tech-ops/2026-06-05.md
UPLOADED memory/areas/tech-ops/ACTIVE_GOALS.md
UPLOADED memory/areas/render-automation/learning-progress.md
UPLOADED memory/areas/render-automation/heartbeat_learning_20260605_1340_countdown_ring_caption/learning_note.md
UPLOADED memory/areas/render-automation/heartbeat_learning_20260605_1340_countdown_ring_caption/postflight_report.md
UPLOADED memory/areas/render-automation/heartbeat_learning_20260605_1210_kenburns_glow_caption/learning_note.md
UPLOADED memory/areas/render-automation/heartbeat_learning_20260605_1210_kenburns_glow_caption/postflight_report.md
UPLOADED memory/areas/render-automation/heartbeat_learning_20260605_1555_ticker_lowerthird/learning_note.md
UPLOADED memory/areas/render-automation/heartbeat_learning_20260605_1555_ticker_lowerthird/postflight_report.md
UPLOADED memory/areas/render-automation/heartbeat_learning_20260605_1510_kenburns_caption/learning_note.md
UPLOADED memory/areas/render-automation/heartbeat_learning_20260605_1510_kenburns_caption/postflight_report.md
UPLOADED memory/areas/render-automation/heartbeat_learning_20260605_1255_slide_mask_caption/learning_note.md
UPLOADED memory/areas/render-automation/heartbeat_learning_20260605_1255_slide_mask_caption/postflight_report.md
UPLOADED company-os/knowledge/ACTIVE_RULES.md
